W336 audit: case 0 (underexpanded_max), coarsen 4, dt_macro 0.005, 29 steps
  step  1 t=0.0050  82 s  tele 2.4e-14  wall 2.0e-17  inj 1.0000  exit 0.6892  ab -8.8e-01  be +4.5e-01  thrust exit 5.965e+05 walls 1.2601e+06  
  step  2 t=0.0100  93 s  tele 3.9e-14  wall 2.5e-17  inj 1.0000  exit 0.5974  ab +2.0e-01  be -5.8e-01  thrust exit 5.54e+05 walls 1.1834e+06  
  step  3 t=0.0150  99 s  tele 1.2e-13  wall 2.8e-17  inj 1.0000  exit 1.2127  ab +2.2e-01  be +1.1e-03  thrust exit 1.1863e+06 walls 1.0148e+06  
  step  4 t=0.0200  92 s  tele 2.4e-14  wall 2.9e-17  inj 1.0000  exit 1.2647  ab +4.6e-02  be +2.0e-01  thrust exit 1.2345e+06 walls 1.1329e+06  
  step  5 t=0.0250  94 s  tele 9.2e-14  wall 3.0e-17  inj 1.0000  exit 1.0630  ab +7.0e-02  be -1.5e-02  thrust exit 1.0321e+06 walls 9.982e+05  
  step  6 t=0.0300  94 s  tele 9.3e-14  wall 3.4e-17  inj 1.0000  exit 1.0736  ab +4.4e-02  be +2.3e-02  thrust exit 1.0428e+06 walls 1.0656e+06  
  step  7 t=0.0350  98 s  tele 5.4e-14  wall 3.2e-17  inj 1.0000  exit 1.0524  ab +5.7e-02  be -6.9e-03  thrust exit 1.023e+06 walls 9.89e+05  
  step  8 t=0.0400  97 s  tele 7.7e-14  wall 2.9e-17  inj 1.0000  exit 1.0624  ab +2.6e-02  be +3.2e-02  thrust exit 1.0325e+06 walls 1.0308e+06  
  step  9 t=0.0450  95 s  tele 4.3e-14  wall 2.8e-17  inj 1.0000  exit 1.0317  ab +3.4e-02  be -4.1e-03  thrust exit 1.0035e+06 walls 9.8296e+05  
  step 10 t=0.0500  95 s  tele 6.3e-14  wall 3.5e-17  inj 1.0000  exit 1.0370  ab +1.5e-02  be +1.9e-02  thrust exit 1.0087e+06 walls 1.0077e+06  
  step 11 t=0.0550  95 s  tele 6.2e-14  wall 3.1e-17  inj 1.0000  exit 1.0189  ab +2.0e-02  be -2.6e-03  thrust exit 9.9148e+05 walls 9.7911e+05  
  step 12 t=0.0600  98 s  tele 3.6e-14  wall 2.7e-17  inj 1.0000  exit 1.0220  ab +9.1e-03  be +1.1e-02  thrust exit 9.9455e+05 walls 9.9371e+05  
  step 13 t=0.0650  96 s  tele 5.1e-14  wall 3.5e-17  inj 1.0000  exit 1.0111  ab +1.2e-02  be -1.5e-03  thrust exit 9.8417e+05 walls 9.769e+05  
  step 14 t=0.0700  97 s  tele 2.7e-14  wall 2.7e-17  inj 1.0000  exit 1.0130  ab +5.3e-03  be +6.6e-03  thrust exit 9.8598e+05 walls 9.855e+05  
  step 15 t=0.0750  96 s  tele 7.3e-14  wall 3.1e-17  inj 1.0000  exit 1.0066  ab +7.0e-03  be -8.9e-04  thrust exit 9.7989e+05 walls 9.7559e+05  
  step 16 t=0.0800  97 s  tele 1.1e-13  wall 2.7e-17  inj 1.0000  exit 1.0077  ab +3.1e-03  be +3.9e-03  thrust exit 9.8096e+05 walls 9.8066e+05  
  step 17 t=0.0850  109 s  tele 3.9e-14  wall 2.3e-17  inj 1.0000  exit 1.0039  ab +4.1e-03  be -5.1e-04  thrust exit 9.7736e+05 walls 9.7481e+05  
  step 18 t=0.0900  118 s  tele 5.1e-14  wall 2.9e-17  inj 1.0000  exit 1.0045  ab +1.8e-03  be +2.3e-03  thrust exit 9.7799e+05 walls 9.7781e+05  
  step 19 t=0.0950  116 s  tele 8.9e-14  wall 2.7e-17  inj 1.0000  exit 1.0023  ab +2.4e-03  be -3.0e-04  thrust exit 9.7587e+05 walls 9.7435e+05  
  step 20 t=0.1000  115 s  tele 4.3e-14  wall 3.0e-17  inj 1.0000  exit 1.0027  ab +1.1e-03  be +1.4e-03  thrust exit 9.7624e+05 walls 9.7613e+05  
  step 21 t=0.1050  113 s  tele 1.1e-13  wall 2.5e-17  inj 1.0000  exit 1.0013  ab +1.4e-03  be -1.7e-04  thrust exit 9.7499e+05 walls 9.7409e+05  
  step 22 t=0.1100  113 s  tele 3.3e-14  wall 2.6e-17  inj 1.0000  exit 1.0016  ab +6.2e-04  be +8.2e-04  thrust exit 9.7521e+05 walls 9.7513e+05  
  step 23 t=0.1150  110 s  tele 4.7e-14  wall 2.6e-17  inj 1.0000  exit 1.0008  ab +8.3e-04  be -9.7e-05  thrust exit 9.7447e+05 walls 9.7393e+05  
  step 24 t=0.1200  116 s  tele 5.4e-14  wall 3.4e-17  inj 1.0000  exit 1.0009  ab +3.6e-04  be +4.9e-04  thrust exit 9.746e+05 walls 9.7455e+05  
  step 25 t=0.1250  112 s  tele 2.8e-14  wall 2.3e-17  inj 1.0000  exit 1.0005  ab +4.8e-04  be -5.3e-05  thrust exit 9.7416e+05 walls 9.7383e+05  
  step 26 t=0.1300  113 s  tele 2.5e-14  wall 2.9e-17  inj 1.0000  exit 1.0005  ab +2.0e-04  be +2.9e-04  thrust exit 9.7424e+05 walls 9.742e+05  
  step 27 t=0.1350  113 s  tele 3.7e-14  wall 1.6e-17  inj 1.0000  exit 1.0003  ab +2.7e-04  be -2.6e-05  thrust exit 9.7398e+05 walls 9.7377e+05  
  step 28 t=0.1400  117 s  tele 4.5e-14  wall 2.0e-17  inj 1.0000  exit 1.0003  ab +1.1e-04  be +1.8e-04  thrust exit 9.7402e+05 walls 9.7399e+05  
  step 29 t=0.1450  118 s  tele 8.2e-14  wall 2.9e-17  inj 1.0000  exit 1.0001  ab +1.5e-04  be -1.1e-05  thrust exit 9.7387e+05 walls 9.7374e+05  
