loaded 120000 training rows (24000 pairs), 12000 validation rows in 10 s on cuda
network: width 12 depth 3, 350186 parameters; in_scale [0.15941 0.05506 0.27095], out_scale [0.039547 0.015736]
  first epoch 32 s: 60 epochs fit the 75-minute budget
epoch   1  train 2.3880e-01  pairs 1.121e-02  validation 2.0037e-02    (32 s)
epoch   2  train 1.6588e-02  pairs 4.815e-03  validation 6.0302e-03    (63 s)
epoch   3  train 6.6556e-03  pairs 1.861e-03  validation 2.9339e-03    (94 s)
epoch   4  train 3.8679e-03  pairs 8.478e-04  validation 3.2844e-03    (125 s)
epoch   5  train 2.9892e-03  pairs 4.499e-04  validation 1.3854e-03  rollout 1.0897e-02  (156 s)
epoch   6  train 1.9849e-03  pairs 2.602e-04  validation 1.3485e-03    (200 s)
epoch   7  train 1.8199e-03  pairs 1.860e-04  validation 1.0162e-03    (231 s)
epoch   8  train 1.4431e-03  pairs 1.273e-04  validation 9.8360e-04    (262 s)
epoch   9  train 1.2922e-03  pairs 1.042e-04  validation 1.0473e-03    (293 s)
epoch  10  train 1.1128e-03  pairs 8.731e-05  validation 1.2087e-03  rollout 1.3219e-02  (324 s)
epoch  11  train 1.1912e-03  pairs 8.226e-05  validation 6.4627e-04    (368 s)
epoch  12  train 9.2229e-04  pairs 6.737e-05  validation 7.8841e-04    (399 s)
epoch  13  train 8.2176e-04  pairs 5.856e-05  validation 5.8397e-04    (430 s)
epoch  14  train 8.2916e-04  pairs 5.624e-05  validation 1.0197e-03    (461 s)
epoch  15  train 7.2578e-04  pairs 5.203e-05  validation 5.1965e-04  rollout 6.9677e-03  (492 s)
epoch  16  train 7.0472e-04  pairs 4.981e-05  validation 4.7748e-04    (535 s)
epoch  17  train 6.5590e-04  pairs 4.375e-05  validation 1.0973e-03    (566 s)
epoch  18  train 5.7987e-04  pairs 4.072e-05  validation 4.1098e-04    (598 s)
epoch  19  train 5.7536e-04  pairs 3.841e-05  validation 2.9788e-04    (629 s)
epoch  20  train 4.7688e-04  pairs 3.375e-05  validation 2.6714e-04  rollout 3.9855e-03  (660 s)
epoch  21  train 4.5753e-04  pairs 3.158e-05  validation 2.7487e-04    (703 s)
epoch  22  train 4.4989e-04  pairs 3.205e-05  validation 3.5177e-04    (734 s)
epoch  23  train 3.9334e-04  pairs 2.789e-05  validation 3.5557e-03    (766 s)
epoch  24  train 3.8909e-04  pairs 2.642e-05  validation 6.1100e-04    (797 s)
epoch  25  train 3.4039e-04  pairs 2.412e-05  validation 2.5886e-04  rollout 6.6796e-03  (828 s)
epoch  26  train 3.4345e-04  pairs 2.330e-05  validation 4.5526e-04    (871 s)
epoch  27  train 3.0456e-04  pairs 2.167e-05  validation 3.2786e-04    (902 s)
epoch  28  train 3.0949e-04  pairs 2.138e-05  validation 2.0928e-04    (933 s)
epoch  29  train 2.7132e-04  pairs 1.976e-05  validation 2.8283e-04    (964 s)
epoch  30  train 2.5436e-04  pairs 1.805e-05  validation 2.9073e-04  rollout 4.7928e-03  (996 s)
epoch  31  train 2.2526e-04  pairs 1.678e-05  validation 1.7949e-04    (1039 s)
epoch  32  train 2.1627e-04  pairs 1.571e-05  validation 2.1005e-04    (1070 s)
epoch  33  train 1.9594e-04  pairs 1.514e-05  validation 1.8453e-04    (1101 s)
epoch  34  train 1.9035e-04  pairs 1.450e-05  validation 2.3967e-04    (1132 s)
epoch  35  train 1.7525e-04  pairs 1.376e-05  validation 1.6756e-04  rollout 3.6804e-03  (1164 s)
epoch  36  train 1.5705e-04  pairs 1.239e-05  validation 1.4747e-04    (1207 s)
epoch  37  train 1.5070e-04  pairs 1.194e-05  validation 1.5015e-04    (1238 s)
epoch  38  train 1.4170e-04  pairs 1.129e-05  validation 1.3979e-04    (1269 s)
epoch  39  train 1.3087e-04  pairs 1.092e-05  validation 1.6726e-04    (1300 s)
epoch  40  train 1.2407e-04  pairs 1.054e-05  validation 1.2608e-04  rollout 2.2473e-03  (1331 s)
epoch  41  train 1.1294e-04  pairs 9.832e-06  validation 1.4246e-04    (1374 s)
epoch  42  train 1.0763e-04  pairs 9.360e-06  validation 1.2586e-04    (1406 s)
epoch  43  train 1.0369e-04  pairs 9.115e-06  validation 1.1444e-04    (1437 s)
epoch  44  train 9.4351e-05  pairs 8.836e-06  validation 1.3159e-04    (1468 s)
epoch  45  train 8.8685e-05  pairs 8.341e-06  validation 1.0660e-04  rollout 2.0583e-03  (1500 s)
epoch  46  train 8.4061e-05  pairs 8.164e-06  validation 1.0554e-04    (1543 s)
epoch  47  train 8.0602e-05  pairs 7.786e-06  validation 1.1039e-04    (1574 s)
epoch  48  train 7.7382e-05  pairs 7.534e-06  validation 1.0089e-04    (1605 s)
epoch  49  train 7.2909e-05  pairs 7.358e-06  validation 1.0389e-04    (1636 s)
epoch  50  train 7.1272e-05  pairs 7.113e-06  validation 9.9565e-05  rollout 1.7032e-03  (1667 s)
epoch  51  train 6.8562e-05  pairs 7.063e-06  validation 9.6967e-05    (1710 s)
epoch  52  train 6.6702e-05  pairs 6.849e-06  validation 9.4846e-05    (1741 s)
epoch  53  train 6.5221e-05  pairs 6.829e-06  validation 9.2126e-05    (1772 s)
epoch  54  train 6.3746e-05  pairs 6.625e-06  validation 9.1871e-05    (1804 s)
epoch  55  train 6.2638e-05  pairs 6.532e-06  validation 9.0545e-05  rollout 1.3252e-03  (1835 s)
epoch  56  train 6.1737e-05  pairs 6.507e-06  validation 8.9303e-05    (1878 s)
epoch  57  train 6.0895e-05  pairs 6.366e-06  validation 8.8727e-05    (1909 s)
epoch  58  train 6.0277e-05  pairs 6.285e-06  validation 8.8093e-05    (1940 s)
epoch  59  train 5.9808e-05  pairs 6.231e-06  validation 8.7467e-05    (1971 s)
epoch  60  train 5.9425e-05  pairs 6.168e-06  validation 8.7186e-05  rollout 1.2726e-03  (2002 s)
best epoch 60, rollout score 1.2726e-03 -> /root/learned/out/learned-case/window-net.pt
