====================================================================================
W321 -- a coupled rocket episode
====================================================================================
  build repo      : 76edd8b on   (DIRTY, diff 547399c4359a14b2, 0 untracked)
  operating point : corner case 0, 'underexpanded_max'
                    p_c = 8e+06 Pa, T_c = 3400.0 K, h0 = 25000 m, M_inf = 3.50, alpha = 0.0 deg
  declarations    : coarsen = 4, dt_macro = 0.005 s (config's own is 0.05)
                    0.005 s is 0.83 chamber flow-throughs; the bound holds to the config's own step (W334)
  steps           : 29 macro steps (30 frames) = 0.145 s of flight
  blocks          : {'a': (12, 20), 'b': (28, 20), 'e': (30, 24), 'd': (46, 12), 'f': (38, 20), 'g': (38, 24)}

marching ...
  step  1/29  68.9 s  vy 1044.3661 m/s  F_thrust_y 5.291e+05 N  F_aero_y -856.1 N
  step  2/29  80.9 s  vy 1044.3728 m/s  F_thrust_y 5.547e+05 N  F_aero_y -855.2 N
  step  3/29  86.0 s  vy 1044.4443 m/s  F_thrust_y 1.202e+06 N  F_aero_y -854.6 N
  step  4/29  85.5 s  vy 1044.5191 m/s  F_thrust_y 1.235e+06 N  F_aero_y -854 N
  step  5/29  132.2 s  vy 1044.5731 m/s  F_thrust_y 1.027e+06 N  F_aero_y -853.4 N
  step  6/29  112.5 s  vy 1044.6287 m/s  F_thrust_y 1.043e+06 N  F_aero_y -852.7 N
  step  7/29  86.0 s  vy 1044.6822 m/s  F_thrust_y 1.022e+06 N  F_aero_y -852.1 N
  step  8/29  91.5 s  vy 1044.7368 m/s  F_thrust_y 1.033e+06 N  F_aero_y -851.5 N
  step  9/29  100.8 s  vy 1044.7883 m/s  F_thrust_y 1.003e+06 N  F_aero_y -850.9 N
  step 10/29  103.7 s  vy 1044.8405 m/s  F_thrust_y 1.009e+06 N  F_aero_y -850.2 N
  step 11/29  106.1 s  vy 1044.8909 m/s  F_thrust_y 9.91e+05 N  F_aero_y -849.6 N
  step 12/29  102.6 s  vy 1044.9417 m/s  F_thrust_y 9.947e+05 N  F_aero_y -849 N
  step 13/29  107.9 s  vy 1044.9914 m/s  F_thrust_y 9.839e+05 N  F_aero_y -848.3 N
  step 14/29  106.0 s  vy 1045.0413 m/s  F_thrust_y 9.86e+05 N  F_aero_y -847.7 N
  step 15/29  104.3 s  vy 1045.0906 m/s  F_thrust_y 9.797e+05 N  F_aero_y -847.1 N
  step 16/29  97.8 s  vy 1045.1400 m/s  F_thrust_y 9.81e+05 N  F_aero_y -846.4 N
  step 17/29  96.0 s  vy 1045.1891 m/s  F_thrust_y 9.773e+05 N  F_aero_y -845.8 N
  step 18/29  95.2 s  vy 1045.2382 m/s  F_thrust_y 9.78e+05 N  F_aero_y -845.2 N
  step 19/29  89.1 s  vy 1045.2871 m/s  F_thrust_y 9.758e+05 N  F_aero_y -844.5 N
  step 20/29  89.8 s  vy 1045.3361 m/s  F_thrust_y 9.763e+05 N  F_aero_y -843.9 N
