====================================================================================
W312 -- ADVEC at the declared clock, 1 seams, 2 workers
====================================================================================

=== control: the recorded request set must be deterministic ===
  two independent recordings at dt_scale=0.001: 156 and 156 traces, identical sets: True

=== the reduced cadence, for the comparison (dt_scale=0.001) ===
  g-f   beta 2.57829e-12  kappa 33.79      omega 0.7039     dim M 77   shares {'g': 0.0, 'f': 1.0}
  reduced-cadence arm: 4 s

=== recording the declared-clock request set ===
  156 distinct traces: {'g-f': 156}
  by agent: {'f': 78, 'g': 78}

=== filling 156 responses across 2 workers ===
      25/ 156     274 s elapsed   0.09 calls/s  eta  1435 s
      50/ 156     573 s elapsed   0.09 calls/s  eta  1215 s
      75/ 156     919 s elapsed   0.08 calls/s  eta   993 s
     100/ 156    1138 s elapsed   0.09 calls/s  eta   637 s
     125/ 156    1341 s elapsed   0.09 calls/s  eta   333 s
     150/ 156    1560 s elapsed   0.10 calls/s  eta    62 s
     156/ 156    1617 s elapsed   0.10 calls/s  eta     0 s
  filled in 1617 s; serial equivalent 3218 s; speedup 1.99x

=== assembling, with the framework doing its own arithmetic ===
  g-f   beta 2.43199e-12  kappa 2.031e+04  omega 0.9996     dim M 77   shares {'g': 0.0, 'f': 1.0}

=== what the reduced cadence was hiding ===
  seam   beta reduced   beta declared  ratio      sign same?
  g-f    2.57829e-12    2.43199e-12    0.9433     True      

  Tier 79's anchor on e-f moved beta by 42.8x at dim M = 8.

total 1744 s (0.48 h)
